2026-09-08 16:01:47 - shinka.core.async_runner - INFO - Pricing catalog:        
source=cache fetched_at=2026-09-07T21:43:14.738628+00:00 stale=False            
sha256=184c9310e490052f391d6eb30d5487281636da1cb49b313f9af024b53fd7899f         
  @@@@@@@@@@@@@@@@@@@@@      ░██████╗██╗░░██╗██╗███╗░░██╗██╗░░██╗░█████╗░
  @                   @      ██╔════╝██║░░██║██║████╗░██║██║░██╔╝██╔══██╗
  @          @        @      ╚█████╗░███████║██║██╔██╗██║█████═╝░███████║
  @    @@   @@  @@    @      ░╚═══██╗██╔══██║██║██║╚████║██╔═██╗░██╔══██║
  @   @     @    @@   @      ██████╔╝██║░░██║██║██║░╚███║██║░╚██╗██║░░██║
  @    @@  @    @     @      ╚═════╝░╚═╝░░╚═╝╚═╝╚═╝░░╚══╝╚═╝░░╚═╝╚═╝░░╚═╝
  @        @          @      @@@@@@@@@@@@@@@
  @                   @   @@                 @@@@@
  @@@@@@@@@@@@@@@@@@@@ @@                       @  @@                 █▀▀
                      @                          @@  @                ██▄
                    @      @@                      @  @@
                   @       @         @              @   @             █░█
                   @                 @               @  @             ▀▄▀
                     @@@@@          @     @           @  @
                      @            @          @       @ @@            █▀█
                   @@    @@     @@       @@   @        @              █▄█
                  @@        @@         @     @         @
                 @@       @@   @@       @@@@@          @        @@    █░░
              @ @@                @                    @              █▄▄
             @ @@@@@             @@ @@                 @      @@
            @                  @       @@              @    @@        █░█
       @@@@@@@@@@@@@@@@@@@@@@             @@@          @@@@@@@  @@    ▀▄▀
       @     @         @                      @@         @@@  @@
        @@               @                      @      @   @  @@      █▀▀
          @@@@@@@@@@@@@@@@@@                   @    @   @   @@        ██▄
                                               @  @  @   @
                                               @  @  @@@@
                                               @  @@

2026-09-08 16:01:47 - shinka.core.async_runner - INFO - 🖥️  System resources    
detected:                                                                       
2026-09-08 16:01:47 - shinka.core.async_runner - INFO -    • CPU cores: 8       
2026-09-08 16:01:47 - shinka.core.async_runner - INFO -    • Memory: 3.7 GB     
2026-09-08 16:01:47 - shinka.core.async_runner - INFO - 🔧 Concurrency settings:
2026-09-08 16:01:47 - shinka.core.async_runner - INFO -    • Evaluation jobs: 1 
2026-09-08 16:01:47 - shinka.core.async_runner - INFO -    • Proposal jobs: 1   
2026-09-08 16:01:47 - shinka.core.async_runner - INFO -    • DB workers: 1      
2026-09-08 16:01:47 - shinka.core.async_runner - INFO -    • Total threads: 3   
2026-09-08 16:01:47 - shinka.core.async_runner - INFO - Configured local numeric
thread cap per eval process: 8                                                  
2026-09-08 16:01:47 - shinka.core.async_runner - INFO -                         
================================================================================
2026-09-08 16:01:47 - shinka.core.async_runner - INFO - ASYNC EVOLUTION RUN     
STARTED                                                                         
2026-09-08 16:01:47 - shinka.core.async_runner - INFO -                         
================================================================================
2026-09-08 16:01:47 - shinka.core.async_runner - INFO - Max evaluation jobs: 1  
2026-09-08 16:01:47 - shinka.core.async_runner - INFO - Max proposal jobs: 1    
2026-09-08 16:01:47 - shinka.core.async_runner - INFO - Target generations: 11  
2026-09-08 16:01:47 - shinka.core.async_runner - INFO - Language: python        
2026-09-08 16:01:47 - shinka.core.async_runner - INFO - Results directory:      
/home/roland/actir/shinka-tit-for-tat/results/e1_r/setup/rehearsal/full/runs/A10
1                                                                               
2026-09-08 16:01:47 - shinka.core.async_runner - INFO - Log file:               
/home/roland/actir/shinka-tit-for-tat/results/e1_r/setup/rehearsal/full/runs/A10
1/evolution_run.log                                                             
2026-09-08 16:01:47 - shinka.core.async_runner - INFO -                         
================================================================================
2026-09-08 16:01:48 - shinka.database.async_dbase - INFO - 🔧 AsyncDB           
initialized with 1 workers, 1 concurrent DB ops (WAL mode)                      
2026-09-08 16:01:48 - shinka.core.async_runner - INFO - Copying initial program 
from /home/roland/actir/shinka-tit-for-tat/initial.py                           
